#-----------------------------------------------------------
# Vivado v2020.1 (64-bit)
# SW Build 2902540 on Wed May 27 19:54:35 MDT 2020
# IP Build 2902112 on Wed May 27 22:43:36 MDT 2020
# Start of session at: Mon Dec 15 03:01:50 2025
# Process ID: 52351
# Current directory: /home/shivansh/cpre_4870/lab3/20250930_CPRE_Lab3/HW/cpre487-587-lab3-main/simple_interface/vivado/simple_interface/simple_interface.runs/impl_1
# Command line: vivado -log staged_mac_bd_wrapper.vdi -applog -product Vivado -messageDb vivado.pb -mode batch -source staged_mac_bd_wrapper.tcl -notrace
# Log file: /home/shivansh/cpre_4870/lab3/20250930_CPRE_Lab3/HW/cpre487-587-lab3-main/simple_interface/vivado/simple_interface/simple_interface.runs/impl_1/staged_mac_bd_wrapper.vdi
# Journal file: /home/shivansh/cpre_4870/lab3/20250930_CPRE_Lab3/HW/cpre487-587-lab3-main/simple_interface/vivado/simple_interface/simple_interface.runs/impl_1/vivado.jou
#-----------------------------------------------------------
source staged_mac_bd_wrapper.tcl -notrace
